core_cm4.h:1037:22:NVIC_SetPriorityGrouping	24	static
main.c:128:5:main	16	static
main.c:156:6:create_dd_task	64	static
main.c:193:13:deadlineDrivenScheduler_FTASK	336	static
main.c:252:13:monitorTask_FTASK	24	static
main.c:282:13:DDT_GEN_1_FTASK	24	static
main.c:294:13:DDT_RUN_1_FTASK	24	static
main.c:323:13:DDT_GEN_2_FTASK	24	static
main.c:335:13:DDT_RUN_2_FTASK	24	static
main.c:364:13:DDT_GEN_3_FTASK	24	static
main.c:376:13:DDT_RUN_3_FTASK	24	static
main.c:403:6:vApplicationMallocFailedHook	4	static
main.c:417:6:vApplicationStackOverflowHook	16	static
main.c:431:6:vApplicationIdleHook	16	static
main.c:453:13:prvSetupHardware	8	static
