core_cm4.h:1037:22:NVIC_SetPriorityGrouping	24	static
main.c:132:5:main	16	static
main.c:160:6:create_dd_task	64	static
main.c:199:13:deadlineDrivenScheduler_FTASK	336	static
main.c:257:13:monitorTask_FTASK	24	static
main.c:296:13:DDT_GEN_1_FTASK	24	static
main.c:308:13:DDT_RUN_1_FTASK	24	static
main.c:328:13:DDT_GEN_2_FTASK	24	static
main.c:340:13:DDT_RUN_2_FTASK	24	static
main.c:361:13:DDT_GEN_3_FTASK	24	static
main.c:373:13:DDT_RUN_3_FTASK	24	static
main.c:394:6:vApplicationMallocFailedHook	4	static
main.c:408:6:vApplicationStackOverflowHook	16	static
main.c:422:6:vApplicationIdleHook	16	static
main.c:444:13:prvSetupHardware	8	static
